// Jest Snapshot v1, https://goo.gl/fbAQLP

exports[`<CryptoListView /> matches snapshot 1`] = `
<div>
  <div
    class="headingContainer"
  >
    <h1
      class="heading"
    >
      All Coins
    </h1>
    <select
      class="dropdown select"
      data-testid="orderdropdownSelect"
    >
      <option
        value="desc"
      >
        Price: High To Low
      </option>
      <option
        value="asc"
      >
        Price: Low To High
      </option>
    </select>
  </div>
  <h1>
    Loading...
  </h1>
</div>
`;
